// Jest Snapshot v1, https://goo.gl/fbAQLP

exports[`App.vue renders a nav 1`] = `
<div id="nav">
    <router-link to="/elements">Elements</router-link> |
    <router-link to="/compounds">Compounds</router-link>
</div>
`;

exports[`App.vue renders correctly 1`] = `
<header class="header-main">
    <h1>
        <router-link to="/">MyLittlePonyCollection Pattern Library</router-link>
    </h1>
</header>
`;
